[debug] [2026-03-11T00:23:44.024Z] ----------------------------------------------------------------------
[debug] [2026-03-11T00:23:44.026Z] Command:       C:\Program Files\nodejs\node.exe C:\Users\skoi4\AppData\Roaming\npm\node_modules\firebase-tools\lib\bin\firebase.js deploy
[debug] [2026-03-11T00:23:44.026Z] CLI Version:   15.9.0
[debug] [2026-03-11T00:23:44.026Z] Platform:      win32
[debug] [2026-03-11T00:23:44.026Z] Node Version:  v24.14.0
[debug] [2026-03-11T00:23:44.027Z] Time:          Wed Mar 11 2026 09:23:44 GMT+0900 (日本標準時)
[debug] [2026-03-11T00:23:44.027Z] ----------------------------------------------------------------------
[debug] 
[debug] [2026-03-11T00:23:46.007Z] > command requires scopes: ["email","openid","https://www.googleapis.com/auth/cloudplatformprojects.readonly","https://www.googleapis.com/auth/firebase","https://www.googleapis.com/auth/cloud-platform"]
[debug] [2026-03-11T00:23:46.007Z] > authorizing via signed-in user (syana0430@gmail.com)
[debug] [2026-03-11T00:23:46.008Z] [iam] checking project ba-tyan-to-hananikki for permissions ["firebase.projects.get","firebasehosting.sites.update"]
[debug] [2026-03-11T00:23:46.009Z] Checked if tokens are valid: false, expires at: 1773138662115
[debug] [2026-03-11T00:23:46.009Z] Checked if tokens are valid: false, expires at: 1773138662115
[debug] [2026-03-11T00:23:46.009Z] > refreshing access token with scopes: []
[debug] [2026-03-11T00:23:46.010Z] >>> [apiv2][query] POST https://www.googleapis.com/oauth2/v3/token [none]
[debug] [2026-03-11T00:23:46.010Z] >>> [apiv2][body] POST https://www.googleapis.com/oauth2/v3/token [omitted]
[debug] [2026-03-11T00:23:46.114Z] <<< [apiv2][status] POST https://www.googleapis.com/oauth2/v3/token 200
[debug] [2026-03-11T00:23:46.114Z] <<< [apiv2][body] POST https://www.googleapis.com/oauth2/v3/token [omitted]
[debug] [2026-03-11T00:23:46.127Z] >>> [apiv2][query] POST https://cloudresourcemanager.googleapis.com/v1/projects/ba-tyan-to-hananikki:testIamPermissions [none]
[debug] [2026-03-11T00:23:46.127Z] >>> [apiv2][(partial)header] POST https://cloudresourcemanager.googleapis.com/v1/projects/ba-tyan-to-hananikki:testIamPermissions  x-goog-user-project=ba-tyan-to-hananikki
[debug] [2026-03-11T00:23:46.127Z] >>> [apiv2][body] POST https://cloudresourcemanager.googleapis.com/v1/projects/ba-tyan-to-hananikki:testIamPermissions {"permissions":["firebase.projects.get","firebasehosting.sites.update"]}
[debug] [2026-03-11T00:23:46.298Z] <<< [apiv2][status] POST https://cloudresourcemanager.googleapis.com/v1/projects/ba-tyan-to-hananikki:testIamPermissions 200
[debug] [2026-03-11T00:23:46.298Z] <<< [apiv2][body] POST https://cloudresourcemanager.googleapis.com/v1/projects/ba-tyan-to-hananikki:testIamPermissions {"permissions":["firebase.projects.get","firebasehosting.sites.update"]}
[debug] [2026-03-11T00:23:46.299Z] Checked if tokens are valid: true, expires at: 1773192225114
[debug] [2026-03-11T00:23:46.299Z] Checked if tokens are valid: true, expires at: 1773192225114
[debug] [2026-03-11T00:23:46.299Z] >>> [apiv2][query] GET https://firebase.googleapis.com/v1beta1/projects/ba-tyan-to-hananikki [none]
[debug] [2026-03-11T00:23:46.605Z] <<< [apiv2][status] GET https://firebase.googleapis.com/v1beta1/projects/ba-tyan-to-hananikki 200
[debug] [2026-03-11T00:23:46.606Z] <<< [apiv2][body] GET https://firebase.googleapis.com/v1beta1/projects/ba-tyan-to-hananikki {"projectId":"ba-tyan-to-hananikki","projectNumber":"245592923418","displayName":"Ba-chan to syasin nikki","name":"projects/ba-tyan-to-hananikki","resources":{"hostingSite":"ba-tyan-to-hananikki","realtimeDatabaseInstance":"ba-tyan-to-hananikki-default-rtdb"},"state":"ACTIVE","etag":"1_5b50e895-98a5-468b-abed-5f66ff9cba96"}
[info] 
[info] === Deploying to 'ba-tyan-to-hananikki'...
[info] 
[info] i  deploying hosting 
[debug] [2026-03-11T00:23:46.614Z] Checked if tokens are valid: true, expires at: 1773192225114
[debug] [2026-03-11T00:23:46.614Z] Checked if tokens are valid: true, expires at: 1773192225114
[debug] [2026-03-11T00:23:46.614Z] >>> [apiv2][query] POST https://firebasehosting.googleapis.com/v1beta1/projects/-/sites/ba-tyan-to-hananikki/versions [none]
[debug] [2026-03-11T00:23:46.615Z] >>> [apiv2][body] POST https://firebasehosting.googleapis.com/v1beta1/projects/-/sites/ba-tyan-to-hananikki/versions {"status":"CREATED","labels":{"deployment-tool":"cli-firebase"}}
[debug] [2026-03-11T00:23:48.118Z] <<< [apiv2][status] POST https://firebasehosting.googleapis.com/v1beta1/projects/-/sites/ba-tyan-to-hananikki/versions 200
[debug] [2026-03-11T00:23:48.118Z] <<< [apiv2][body] POST https://firebasehosting.googleapis.com/v1beta1/projects/-/sites/ba-tyan-to-hananikki/versions {"name":"projects/245592923418/sites/ba-tyan-to-hananikki/versions/5bf483bd872363b5","status":"CREATED","config":{},"labels":{"deployment-tool":"cli-firebase"}}
[info] i  hosting[ba-tyan-to-hananikki]: beginning deploy... 
[info] i  hosting[ba-tyan-to-hananikki]: found 63 files in public 
[debug] [2026-03-11T00:23:48.140Z] [hosting] uploading with 200 concurrency
[debug] [2026-03-11T00:23:48.189Z] Checked if tokens are valid: true, expires at: 1773192225114
[debug] [2026-03-11T00:23:48.189Z] Checked if tokens are valid: true, expires at: 1773192225114
[debug] [2026-03-11T00:23:48.190Z] [hosting] hash cache [cHVibGlj] stored for 63 files
[debug] [2026-03-11T00:23:48.190Z] [hosting][hash queue][FINAL] {"max":30,"min":1,"avg":11.205346894487624,"active":0,"complete":63,"success":63,"errored":0,"retried":0,"total":63,"elapsed":48}
[debug] [2026-03-11T00:23:48.190Z] >>> [apiv2][query] POST https://firebasehosting.googleapis.com/v1beta1/projects/245592923418/sites/ba-tyan-to-hananikki/versions/5bf483bd872363b5:populateFiles [none]
[debug] [2026-03-11T00:23:48.190Z] >>> [apiv2][body] POST https://firebasehosting.googleapis.com/v1beta1/projects/245592923418/sites/ba-tyan-to-hananikki/versions/5bf483bd872363b5:populateFiles {"files":{"/favicon.ico":"5a203d2831d4de08c66e8fb151c41a3f479d4be6906156a8779444a27d314ad1","/.git/HEAD":"23960fa2316fb1cd093c7920df1e9c864ee8c2d784908f7372cd5da920fc3d48","/.git/description":"82406efccfbaa0195ef86e8c8aa8fc71d38fb93a6aa0fbd00d90629d3bbe2342","/.git/config":"6b61e2eeddb7ee9d771dc2075bec55bb8d5554d2f3f9588d7b158ad023401fe7","/.git/objects/d2/d0f83d1d5bbe9d9afb9dbcf8b68782a1591fdc":"da7f8d3485decf72487534abdbb9e0a2e3bfa0518b30f7dd1ef1f94401d0e1d8","/.git/objects/c9/3341399861ad8ae89642e30e263e52f4b6829c":"863cb13821ecb4fd4b04ba52125cdd4fe0932d099aa53cf1c57d201821f3ba59","/.git/objects/a6/1bc28cd24dce631dd8fcc2563e6a2077366432":"983ba0b2b3e631cc7c7b147d63b511bac7e230a2b9efae3b2f95dd2e18bb851c","/.git/objects/91/e578d502b84eaea188e3a517ddd9a9f36f7104":"1e7b4cf6865ba418fc09abf8a41321965042afa92c1f1f74e64179c401c18d79","/.git/objects/89/7a12bfc8771bf2975ade3132af5931132a49b9":"c852afdf8c6750a9337a011c2654059b831cb8ef9010cfcf3241a2dcd542f7b0","/.git/objects/7e/7dcde003d8946d013cdb398a455ef462de460b":"634d107e09dbb79cf8aa0ca9f30ad20f761ecf197759df7e08b1ebb054a32b76","/.git/objects/29/51315cf42411c26c4647d6d57b777bf6be5e1a":"c0118071a61a72231f6bcdfa7e7dc0f9b8428dd72a900caef2cfb0ca460877c4","/.git/objects/0b/798f6e2a5938d56b2cfed74e2ed0142f86a4fe":"6d613b35af81616ddb540c7a03104cf424512d6206b39ac56345b7a64118ae82","/.git/objects/00/cbd69ab349312cffaab36482909434ff3a5ae9":"58b4a2e69343f5dfb7a8114bb367d64422004b79302cea460af752a7a860908e","/.git/info/exclude":"994a83b0bd13a31e35114caf18e8b7fcff4253406797d657aa1d9ea64c7b721d","/.git/hooks/update.sample":"a022fa3ca5c3a9dffa3c09dc035866a2c4e6e935a372724aabba8dd6a5639fee","/.git/hooks/sendemail-validate.sample":"5179ae7bdd72e97e2d9cdbfcec1e72434f42f7f5748665239355f08badcbbee7","/.git/hooks/push-to-checkout.sample":"b686f0c3faae36d5e3110bd8933f861039094c0a996e5c55c3a776a209ca119b","/.git/hooks/prepare-commit-msg.sample":"da47e5ee9571edfcb45598d9e1ed424dc30a87011c99c5d205015bbc8cfe16cc","/.git/hooks/pre-receive.sample":"518430951f2c7182a5fc07191f43236719c64a5244e0ac82131ea92dbe4a2f67","/.git/hooks/pre-rebase.sample":"4c12afd92c797d205ded918d4da7fff21f264e3347ccfe1f718df372100dea0e","/.git/hooks/pre-push.sample":"661c005b1ebf95bb520578d7421bf511e0d91ecac507fc1818ee60c2e3127f64","/.git/hooks/pre-merge-commit.sample":"08d54483ffa10c472d4b5bf54e637a763a905f6909af1491ad4ca8a19241496c","/.git/hooks/pre-commit.sample":"0dc110f82f15687bb7daae0e09828a248ba74bacc4373b6c5e395fa1140853ef","/.git/hooks/pre-applypatch.sample":"efd041617b404639750884bd01917d80c6ec9917e3021e448a1386a237184a36","/.git/hooks/post-update.sample":"4545774e0eba6264d25197fec3cc1520bfd61d16bf6b417b7b1566460ebc28ec","/.git/hooks/fsmonitor-watchman.sample":"c7efd67fa8de750df765a1cf18a7bdf6c2298ab4a4ab1eed2772a32e4fd9725d","/.git/hooks/commit-msg.sample":"00ffdd1510ab6aa72447787ad1516c9bea8345a9cf6ac5345afb1f44aba07f6f","/.git/hooks/applypatch-msg.sample":"e989aeea500fde675ea8ee009c4cf25aae7abbf4dd02c15b04cb8c85404dbca3","/style.css":"c4ab3126a0df66f23658e38d29b363b03ff6b60e3434869fc927a7e89e4ab10a","/manifest.webmanifest":"04a83a75f462413dce409e57985dbbf892f9795d0d73d5b5d811816b2f1b327a","/index.html":"519776df47647854a532d6deba3bda1d691ab79f6c6afd0a73b790cce3880eb9","/.git/ORIG_HEAD":"43ea080b2ed9195101f359a91e367f11d92a3584c3d54c95953d3671b33d9650","/.git/index":"c68cabc2559982523711cf9ff34ca3039d9843c17e246b6fb499a0a3c0801c04","/script.js":"72eef7d627504978a185cb02f7ce4c3433891bc9c5b909e620d46b99e6503027","/.git/COMMIT_EDITMSG":"4420a487089969c0d0c4d2756d9e6892ad7f15a7e43ce4ab62a9741fa73dd171","/.git/FETCH_HEAD":"e5dcc7c51c35b7bc4bd204af3c02ef59cbb42d6fb272dd6989e84fc1ebbc980d","/.git/refs/remotes/origin/main":"43ea080b2ed9195101f359a91e367f11d92a3584c3d54c95953d3671b33d9650","/.git/objects/d8/07e4bdda8ce844cb886929383eed7cca7c0d72":"8949dbf57807515e84641c20250cc741b4bb4e647c40ff3193bbf7e488d42a18","/.git/objects/d5/02ca11f53a435f34b4e6d4ea9a7259dcd8bef6":"54f3c7b44eb1dcff72825dc8c6b3d9b236d7f34333dd84a96cb4e024ee2c8a73","/.git/objects/db/e7f4c723f2296d173f208fa6e439c90de8ac01":"499a887d288771b17ee625d241238d6c159934f041739885acd695ebefb16486","/.git/refs/heads/main":"43ea080b2ed9195101f359a91e367f11d92a3584c3d54c95953d3671b33d9650","/.git/objects/8d/09510334cb9ccc34bac3dfdace924bc9343e53":"2510d3b7075f71cf43190467a09b0b46c0914d7aceef8a252f1780320d6888a6","/.git/objects/d1/2cce6156134f633b8979a890e7e0ab3e9bb8e9":"2c65a9ef825b0c73b357021fc8697a5a19a5e1c0c91a8491e002d7f9040bb2d7","/.git/objects/90/d6f48fbba57d78858991e0d1b3b72c18f98317":"389f74b472e8c5470f39ab277aadba6276745005312d7084d8b43c114cd8f4d3","/.git/objects/c1/72df45cbc1f0be67d7be8beb63eef5f2d74ac5":"70b4e0b72bc04f14e36ff3e3ce5db46846d61a55a4091a3d1ae4d5dfc71c1251","/.git/objects/9c/3731e3bd0fc1510a3705d6509fb522b0212ea4":"79649687913feb53a9bbb4d992556a6ba8af67aa2575f08cf5972dfa9f497e3e","/.git/objects/60/f7bcfdb2529da5b7cb4662443836b43ce01146":"021231bd76ccc8a0189a43d97a45a579d9457c117b69bf48cd9228ac5d8af234","/.git/objects/7b/76fed13fd803679ecff9aa7fc6ed2a2bdc6418":"bdbe216592f19da10ae792625a69cc3416fab9a7eb2cd5aeb061a1bc012c9ec9","/.git/objects/6a/66a282d958e36692a9a362d1f1b31a62ffd786":"a68873f4653f5a2a2fb64892014caa362696e336787434d6092d8af7cd94982e","/.git/objects/82/3fa0d55f00393dcc842575a54e36101ab3fb9c":"8076c576cc4f6cfec79799850a5452315f6c694c9275155e5b4c9575922f4625","/.git/objects/64/ccf32a304cd87b91617e2bf680b0a5b6eaa68b":"8e141d90f910eaa4668ebdeb39c6ab5ca2a883a9665b6da633c7653268d821ae","/.git/objects/5c/e28abdc7261066365a2d30cf18224fb5015531":"78261e0a87114faf1423c0ccbccf29b7c017853e0aedd1e26ad503f754cd1095","/.git/objects/5d/81f52921e7bdd8f13028bb540f53f12fe66e90":"1416a862f09770b307028af1cf57a03dafaa6d27261d9bc78a45bcadc8f6cb23","/.git/objects/60/bd5b63cb1ceb64c1df2fe420925bc5f73c3a5c":"3ec1f4c496d02a4bd060bb4f705fb378aa69696c3d0a7e07844c8e49cc01ae78","/.git/logs/refs/remotes/origin/main":"1d938246f2f6096380952def7440ef65751d57e6f00a0a4b74383b2530e5fa10","/.git/objects/32/93dbd613ab2f58e3516351933d90463b123393":"9973f49d3f88c3617654bb81d1df9e10dc0b6c7a99f7ffee440d13da17f06b56","/.git/objects/59/b49fdcdec2bf1d46565d591b60e67a6c2beb8c":"22b7b55278d39a1cd550b617934b4145b1d787c122cd1fb04db2c01410da153d","/.git/objects/04/dfa6aafda59ec626dbe9ad2a395ba3e755df68":"f18d8ff112e8f36f469d5a6f5fe5f28294690437e72078c87ef71627f751b90a","/.git/logs/HEAD":"9e1bf4453c001c2e5eb9de3d1eb6afda1b4053c9002462db67616aafb6cccc24","/.git/logs/refs/heads/main":"9e1bf4453c001c2e5eb9de3d1eb6afda1b4053c9002462db67616aafb6cccc24","/.git/cursor/crepe/a61bc28cd24dce631dd8fcc2563e6a2077366432/metadata.json":"0a4a80546940dc9ca1dee7c58f2c0f6ef9be75d3991c90ef9805b91e8f78172c","/.git/cursor/crepe/a61bc28cd24dce631dd8fcc2563e6a2077366432/index.bin":"d235643df67d5a01bcb6a6690b67e3bdf1f2574f25c96b0cdbac414597666f73","/.git/cursor/crepe/a61bc28cd24dce631dd8fcc2563e6a2077366432/postings.bin":"441fc094abc79d3088eb176aaa4aee7b05394928fcf74f1c56beeae2f9cb07a1"}}
[debug] [2026-03-11T00:23:49.116Z] <<< [apiv2][status] POST https://firebasehosting.googleapis.com/v1beta1/projects/245592923418/sites/ba-tyan-to-hananikki/versions/5bf483bd872363b5:populateFiles 200
[debug] [2026-03-11T00:23:49.117Z] <<< [apiv2][body] POST https://firebasehosting.googleapis.com/v1beta1/projects/245592923418/sites/ba-tyan-to-hananikki/versions/5bf483bd872363b5:populateFiles {"uploadRequiredHashes":["78261e0a87114faf1423c0ccbccf29b7c017853e0aedd1e26ad503f754cd1095","22b7b55278d39a1cd550b617934b4145b1d787c122cd1fb04db2c01410da153d","bdbe216592f19da10ae792625a69cc3416fab9a7eb2cd5aeb061a1bc012c9ec9","72eef7d627504978a185cb02f7ce4c3433891bc9c5b909e620d46b99e6503027","43ea080b2ed9195101f359a91e367f11d92a3584c3d54c95953d3671b33d9650","8949dbf57807515e84641c20250cc741b4bb4e647c40ff3193bbf7e488d42a18","9e1bf4453c001c2e5eb9de3d1eb6afda1b4053c9002462db67616aafb6cccc24","4420a487089969c0d0c4d2756d9e6892ad7f15a7e43ce4ab62a9741fa73dd171","c68cabc2559982523711cf9ff34ca3039d9843c17e246b6fb499a0a3c0801c04","79649687913feb53a9bbb4d992556a6ba8af67aa2575f08cf5972dfa9f497e3e","2510d3b7075f71cf43190467a09b0b46c0914d7aceef8a252f1780320d6888a6","2c65a9ef825b0c73b357021fc8697a5a19a5e1c0c91a8491e002d7f9040bb2d7","021231bd76ccc8a0189a43d97a45a579d9457c117b69bf48cd9228ac5d8af234","04a83a75f462413dce409e57985dbbf892f9795d0d73d5b5d811816b2f1b327a","441fc094abc79d3088eb176aaa4aee7b05394928fcf74f1c56beeae2f9cb07a1","a68873f4653f5a2a2fb64892014caa362696e336787434d6092d8af7cd94982e","d235643df67d5a01bcb6a6690b67e3bdf1f2574f25c96b0cdbac414597666f73","8076c576cc4f6cfec79799850a5452315f6c694c9275155e5b4c9575922f4625","70b4e0b72bc04f14e36ff3e3ce5db46846d61a55a4091a3d1ae4d5dfc71c1251","8e141d90f910eaa4668ebdeb39c6ab5ca2a883a9665b6da633c7653268d821ae","f18d8ff112e8f36f469d5a6f5fe5f28294690437e72078c87ef71627f751b90a","3ec1f4c496d02a4bd060bb4f705fb378aa69696c3d0a7e07844c8e49cc01ae78","389f74b472e8c5470f39ab277aadba6276745005312d7084d8b43c114cd8f4d3","c4ab3126a0df66f23658e38d29b363b03ff6b60e3434869fc927a7e89e4ab10a","1d938246f2f6096380952def7440ef65751d57e6f00a0a4b74383b2530e5fa10","1416a862f09770b307028af1cf57a03dafaa6d27261d9bc78a45bcadc8f6cb23","499a887d288771b17ee625d241238d6c159934f041739885acd695ebefb16486","54f3c7b44eb1dcff72825dc8c6b3d9b236d7f34333dd84a96cb4e024ee2c8a73","e5dcc7c51c35b7bc4bd204af3c02ef59cbb42d6fb272dd6989e84fc1ebbc980d","9973f49d3f88c3617654bb81d1df9e10dc0b6c7a99f7ffee440d13da17f06b56","519776df47647854a532d6deba3bda1d691ab79f6c6afd0a73b790cce3880eb9","0a4a80546940dc9ca1dee7c58f2c0f6ef9be75d3991c90ef9805b91e8f78172c"],"uploadUrl":"https://upload-firebasehosting.googleapis.com/upload/sites/ba-tyan-to-hananikki/versions/5bf483bd872363b5/files"}
[debug] [2026-03-11T00:23:49.117Z] Checked if tokens are valid: true, expires at: 1773192225114
[debug] [2026-03-11T00:23:49.117Z] Checked if tokens are valid: true, expires at: 1773192225114
[debug] [2026-03-11T00:23:49.118Z] Checked if tokens are valid: true, expires at: 1773192225114
[debug] [2026-03-11T00:23:49.118Z] Checked if tokens are valid: true, expires at: 1773192225114
[debug] [2026-03-11T00:23:49.118Z] Checked if tokens are valid: true, expires at: 1773192225114
[debug] [2026-03-11T00:23:49.118Z] Checked if tokens are valid: true, expires at: 1773192225114
[debug] [2026-03-11T00:23:49.118Z] Checked if tokens are valid: true, expires at: 1773192225114
[debug] [2026-03-11T00:23:49.118Z] Checked if tokens are valid: true, expires at: 1773192225114
[debug] [2026-03-11T00:23:49.118Z] Checked if tokens are valid: true, expires at: 1773192225114
[debug] [2026-03-11T00:23:49.118Z] Checked if tokens are valid: true, expires at: 1773192225114
[debug] [2026-03-11T00:23:49.119Z] Checked if tokens are valid: true, expires at: 1773192225114
[debug] [2026-03-11T00:23:49.119Z] Checked if tokens are valid: true, expires at: 1773192225114
[debug] [2026-03-11T00:23:49.119Z] Checked if tokens are valid: true, expires at: 1773192225114
[debug] [2026-03-11T00:23:49.119Z] Checked if tokens are valid: true, expires at: 1773192225114
[debug] [2026-03-11T00:23:49.119Z] Checked if tokens are valid: true, expires at: 1773192225114
[debug] [2026-03-11T00:23:49.119Z] Checked if tokens are valid: true, expires at: 1773192225114
[debug] [2026-03-11T00:23:49.119Z] Checked if tokens are valid: true, expires at: 1773192225114
[debug] [2026-03-11T00:23:49.119Z] Checked if tokens are valid: true, expires at: 1773192225114
[debug] [2026-03-11T00:23:49.119Z] Checked if tokens are valid: true, expires at: 1773192225114
[debug] [2026-03-11T00:23:49.119Z] Checked if tokens are valid: true, expires at: 1773192225114
[debug] [2026-03-11T00:23:49.119Z] Checked if tokens are valid: true, expires at: 1773192225114
[debug] [2026-03-11T00:23:49.119Z] Checked if tokens are valid: true, expires at: 1773192225114
[debug] [2026-03-11T00:23:49.119Z] Checked if tokens are valid: true, expires at: 1773192225114
[debug] [2026-03-11T00:23:49.119Z] Checked if tokens are valid: true, expires at: 1773192225114
[debug] [2026-03-11T00:23:49.120Z] Checked if tokens are valid: true, expires at: 1773192225114
[debug] [2026-03-11T00:23:49.120Z] Checked if tokens are valid: true, expires at: 1773192225114
[debug] [2026-03-11T00:23:49.120Z] Checked if tokens are valid: true, expires at: 1773192225114
[debug] [2026-03-11T00:23:49.120Z] Checked if tokens are valid: true, expires at: 1773192225114
[debug] [2026-03-11T00:23:49.120Z] Checked if tokens are valid: true, expires at: 1773192225114
[debug] [2026-03-11T00:23:49.120Z] Checked if tokens are valid: true, expires at: 1773192225114
[debug] [2026-03-11T00:23:49.120Z] Checked if tokens are valid: true, expires at: 1773192225114
[debug] [2026-03-11T00:23:49.120Z] Checked if tokens are valid: true, expires at: 1773192225114
[debug] [2026-03-11T00:23:49.120Z] Checked if tokens are valid: true, expires at: 1773192225114
[debug] [2026-03-11T00:23:49.120Z] Checked if tokens are valid: true, expires at: 1773192225114
[debug] [2026-03-11T00:23:49.120Z] Checked if tokens are valid: true, expires at: 1773192225114
[debug] [2026-03-11T00:23:49.120Z] Checked if tokens are valid: true, expires at: 1773192225114
[debug] [2026-03-11T00:23:49.120Z] Checked if tokens are valid: true, expires at: 1773192225114
[debug] [2026-03-11T00:23:49.120Z] Checked if tokens are valid: true, expires at: 1773192225114
[debug] [2026-03-11T00:23:49.121Z] Checked if tokens are valid: true, expires at: 1773192225114
[debug] [2026-03-11T00:23:49.121Z] Checked if tokens are valid: true, expires at: 1773192225114
[debug] [2026-03-11T00:23:49.121Z] Checked if tokens are valid: true, expires at: 1773192225114
[debug] [2026-03-11T00:23:49.121Z] Checked if tokens are valid: true, expires at: 1773192225114
[debug] [2026-03-11T00:23:49.121Z] Checked if tokens are valid: true, expires at: 1773192225114
[debug] [2026-03-11T00:23:49.121Z] Checked if tokens are valid: true, expires at: 1773192225114
[debug] [2026-03-11T00:23:49.121Z] Checked if tokens are valid: true, expires at: 1773192225114
[debug] [2026-03-11T00:23:49.121Z] Checked if tokens are valid: true, expires at: 1773192225114
[debug] [2026-03-11T00:23:49.121Z] Checked if tokens are valid: true, expires at: 1773192225114
[debug] [2026-03-11T00:23:49.121Z] Checked if tokens are valid: true, expires at: 1773192225114
[debug] [2026-03-11T00:23:49.121Z] Checked if tokens are valid: true, expires at: 1773192225114
[debug] [2026-03-11T00:23:49.121Z] Checked if tokens are valid: true, expires at: 1773192225114
[debug] [2026-03-11T00:23:49.121Z] Checked if tokens are valid: true, expires at: 1773192225114
[debug] [2026-03-11T00:23:49.121Z] Checked if tokens are valid: true, expires at: 1773192225114
[debug] [2026-03-11T00:23:49.122Z] Checked if tokens are valid: true, expires at: 1773192225114
[debug] [2026-03-11T00:23:49.122Z] Checked if tokens are valid: true, expires at: 1773192225114
[debug] [2026-03-11T00:23:49.122Z] Checked if tokens are valid: true, expires at: 1773192225114
[debug] [2026-03-11T00:23:49.122Z] Checked if tokens are valid: true, expires at: 1773192225114
[debug] [2026-03-11T00:23:49.122Z] Checked if tokens are valid: true, expires at: 1773192225114
[debug] [2026-03-11T00:23:49.122Z] Checked if tokens are valid: true, expires at: 1773192225114
[debug] [2026-03-11T00:23:49.122Z] Checked if tokens are valid: true, expires at: 1773192225114
[debug] [2026-03-11T00:23:49.122Z] Checked if tokens are valid: true, expires at: 1773192225114
[debug] [2026-03-11T00:23:49.122Z] Checked if tokens are valid: true, expires at: 1773192225114
[debug] [2026-03-11T00:23:49.122Z] Checked if tokens are valid: true, expires at: 1773192225114
[debug] [2026-03-11T00:23:49.122Z] Checked if tokens are valid: true, expires at: 1773192225114
[debug] [2026-03-11T00:23:49.122Z] Checked if tokens are valid: true, expires at: 1773192225114
[debug] [2026-03-11T00:23:49.123Z] >>> [apiv2][query] POST https://upload-firebasehosting.googleapis.com/upload/sites/ba-tyan-to-hananikki/versions/5bf483bd872363b5/files/78261e0a87114faf1423c0ccbccf29b7c017853e0aedd1e26ad503f754cd1095 [none]
[debug] [2026-03-11T00:23:49.123Z] >>> [apiv2][body] POST https://upload-firebasehosting.googleapis.com/upload/sites/ba-tyan-to-hananikki/versions/5bf483bd872363b5/files/78261e0a87114faf1423c0ccbccf29b7c017853e0aedd1e26ad503f754cd1095 [stream]
[debug] [2026-03-11T00:23:49.124Z] >>> [apiv2][query] POST https://upload-firebasehosting.googleapis.com/upload/sites/ba-tyan-to-hananikki/versions/5bf483bd872363b5/files/22b7b55278d39a1cd550b617934b4145b1d787c122cd1fb04db2c01410da153d [none]
[debug] [2026-03-11T00:23:49.124Z] >>> [apiv2][body] POST https://upload-firebasehosting.googleapis.com/upload/sites/ba-tyan-to-hananikki/versions/5bf483bd872363b5/files/22b7b55278d39a1cd550b617934b4145b1d787c122cd1fb04db2c01410da153d [stream]
[debug] [2026-03-11T00:23:49.125Z] >>> [apiv2][query] POST https://upload-firebasehosting.googleapis.com/upload/sites/ba-tyan-to-hananikki/versions/5bf483bd872363b5/files/bdbe216592f19da10ae792625a69cc3416fab9a7eb2cd5aeb061a1bc012c9ec9 [none]
[debug] [2026-03-11T00:23:49.125Z] >>> [apiv2][body] POST https://upload-firebasehosting.googleapis.com/upload/sites/ba-tyan-to-hananikki/versions/5bf483bd872363b5/files/bdbe216592f19da10ae792625a69cc3416fab9a7eb2cd5aeb061a1bc012c9ec9 [stream]
[debug] [2026-03-11T00:23:49.126Z] >>> [apiv2][query] POST https://upload-firebasehosting.googleapis.com/upload/sites/ba-tyan-to-hananikki/versions/5bf483bd872363b5/files/72eef7d627504978a185cb02f7ce4c3433891bc9c5b909e620d46b99e6503027 [none]
[debug] [2026-03-11T00:23:49.126Z] >>> [apiv2][body] POST https://upload-firebasehosting.googleapis.com/upload/sites/ba-tyan-to-hananikki/versions/5bf483bd872363b5/files/72eef7d627504978a185cb02f7ce4c3433891bc9c5b909e620d46b99e6503027 [stream]
[debug] [2026-03-11T00:23:49.127Z] >>> [apiv2][query] POST https://upload-firebasehosting.googleapis.com/upload/sites/ba-tyan-to-hananikki/versions/5bf483bd872363b5/files/43ea080b2ed9195101f359a91e367f11d92a3584c3d54c95953d3671b33d9650 [none]
[debug] [2026-03-11T00:23:49.127Z] >>> [apiv2][body] POST https://upload-firebasehosting.googleapis.com/upload/sites/ba-tyan-to-hananikki/versions/5bf483bd872363b5/files/43ea080b2ed9195101f359a91e367f11d92a3584c3d54c95953d3671b33d9650 [stream]
[debug] [2026-03-11T00:23:49.128Z] >>> [apiv2][query] POST https://upload-firebasehosting.googleapis.com/upload/sites/ba-tyan-to-hananikki/versions/5bf483bd872363b5/files/8949dbf57807515e84641c20250cc741b4bb4e647c40ff3193bbf7e488d42a18 [none]
[debug] [2026-03-11T00:23:49.128Z] >>> [apiv2][body] POST https://upload-firebasehosting.googleapis.com/upload/sites/ba-tyan-to-hananikki/versions/5bf483bd872363b5/files/8949dbf57807515e84641c20250cc741b4bb4e647c40ff3193bbf7e488d42a18 [stream]
[debug] [2026-03-11T00:23:49.128Z] >>> [apiv2][query] POST https://upload-firebasehosting.googleapis.com/upload/sites/ba-tyan-to-hananikki/versions/5bf483bd872363b5/files/9e1bf4453c001c2e5eb9de3d1eb6afda1b4053c9002462db67616aafb6cccc24 [none]
[debug] [2026-03-11T00:23:49.128Z] >>> [apiv2][body] POST https://upload-firebasehosting.googleapis.com/upload/sites/ba-tyan-to-hananikki/versions/5bf483bd872363b5/files/9e1bf4453c001c2e5eb9de3d1eb6afda1b4053c9002462db67616aafb6cccc24 [stream]
[debug] [2026-03-11T00:23:49.129Z] >>> [apiv2][query] POST https://upload-firebasehosting.googleapis.com/upload/sites/ba-tyan-to-hananikki/versions/5bf483bd872363b5/files/4420a487089969c0d0c4d2756d9e6892ad7f15a7e43ce4ab62a9741fa73dd171 [none]
[debug] [2026-03-11T00:23:49.129Z] >>> [apiv2][body] POST https://upload-firebasehosting.googleapis.com/upload/sites/ba-tyan-to-hananikki/versions/5bf483bd872363b5/files/4420a487089969c0d0c4d2756d9e6892ad7f15a7e43ce4ab62a9741fa73dd171 [stream]
[debug] [2026-03-11T00:23:49.130Z] >>> [apiv2][query] POST https://upload-firebasehosting.googleapis.com/upload/sites/ba-tyan-to-hananikki/versions/5bf483bd872363b5/files/c68cabc2559982523711cf9ff34ca3039d9843c17e246b6fb499a0a3c0801c04 [none]
[debug] [2026-03-11T00:23:49.130Z] >>> [apiv2][body] POST https://upload-firebasehosting.googleapis.com/upload/sites/ba-tyan-to-hananikki/versions/5bf483bd872363b5/files/c68cabc2559982523711cf9ff34ca3039d9843c17e246b6fb499a0a3c0801c04 [stream]
[debug] [2026-03-11T00:23:49.131Z] >>> [apiv2][query] POST https://upload-firebasehosting.googleapis.com/upload/sites/ba-tyan-to-hananikki/versions/5bf483bd872363b5/files/79649687913feb53a9bbb4d992556a6ba8af67aa2575f08cf5972dfa9f497e3e [none]
[debug] [2026-03-11T00:23:49.131Z] >>> [apiv2][body] POST https://upload-firebasehosting.googleapis.com/upload/sites/ba-tyan-to-hananikki/versions/5bf483bd872363b5/files/79649687913feb53a9bbb4d992556a6ba8af67aa2575f08cf5972dfa9f497e3e [stream]
[debug] [2026-03-11T00:23:49.132Z] >>> [apiv2][query] POST https://upload-firebasehosting.googleapis.com/upload/sites/ba-tyan-to-hananikki/versions/5bf483bd872363b5/files/2510d3b7075f71cf43190467a09b0b46c0914d7aceef8a252f1780320d6888a6 [none]
[debug] [2026-03-11T00:23:49.132Z] >>> [apiv2][body] POST https://upload-firebasehosting.googleapis.com/upload/sites/ba-tyan-to-hananikki/versions/5bf483bd872363b5/files/2510d3b7075f71cf43190467a09b0b46c0914d7aceef8a252f1780320d6888a6 [stream]
[debug] [2026-03-11T00:23:49.133Z] >>> [apiv2][query] POST https://upload-firebasehosting.googleapis.com/upload/sites/ba-tyan-to-hananikki/versions/5bf483bd872363b5/files/2c65a9ef825b0c73b357021fc8697a5a19a5e1c0c91a8491e002d7f9040bb2d7 [none]
[debug] [2026-03-11T00:23:49.133Z] >>> [apiv2][body] POST https://upload-firebasehosting.googleapis.com/upload/sites/ba-tyan-to-hananikki/versions/5bf483bd872363b5/files/2c65a9ef825b0c73b357021fc8697a5a19a5e1c0c91a8491e002d7f9040bb2d7 [stream]
[debug] [2026-03-11T00:23:49.134Z] >>> [apiv2][query] POST https://upload-firebasehosting.googleapis.com/upload/sites/ba-tyan-to-hananikki/versions/5bf483bd872363b5/files/021231bd76ccc8a0189a43d97a45a579d9457c117b69bf48cd9228ac5d8af234 [none]
[debug] [2026-03-11T00:23:49.134Z] >>> [apiv2][body] POST https://upload-firebasehosting.googleapis.com/upload/sites/ba-tyan-to-hananikki/versions/5bf483bd872363b5/files/021231bd76ccc8a0189a43d97a45a579d9457c117b69bf48cd9228ac5d8af234 [stream]
[debug] [2026-03-11T00:23:49.134Z] >>> [apiv2][query] POST https://upload-firebasehosting.googleapis.com/upload/sites/ba-tyan-to-hananikki/versions/5bf483bd872363b5/files/04a83a75f462413dce409e57985dbbf892f9795d0d73d5b5d811816b2f1b327a [none]
[debug] [2026-03-11T00:23:49.134Z] >>> [apiv2][body] POST https://upload-firebasehosting.googleapis.com/upload/sites/ba-tyan-to-hananikki/versions/5bf483bd872363b5/files/04a83a75f462413dce409e57985dbbf892f9795d0d73d5b5d811816b2f1b327a [stream]
[debug] [2026-03-11T00:23:49.135Z] >>> [apiv2][query] POST https://upload-firebasehosting.googleapis.com/upload/sites/ba-tyan-to-hananikki/versions/5bf483bd872363b5/files/441fc094abc79d3088eb176aaa4aee7b05394928fcf74f1c56beeae2f9cb07a1 [none]
[debug] [2026-03-11T00:23:49.135Z] >>> [apiv2][body] POST https://upload-firebasehosting.googleapis.com/upload/sites/ba-tyan-to-hananikki/versions/5bf483bd872363b5/files/441fc094abc79d3088eb176aaa4aee7b05394928fcf74f1c56beeae2f9cb07a1 [stream]
[debug] [2026-03-11T00:23:49.136Z] >>> [apiv2][query] POST https://upload-firebasehosting.googleapis.com/upload/sites/ba-tyan-to-hananikki/versions/5bf483bd872363b5/files/a68873f4653f5a2a2fb64892014caa362696e336787434d6092d8af7cd94982e [none]
[debug] [2026-03-11T00:23:49.136Z] >>> [apiv2][body] POST https://upload-firebasehosting.googleapis.com/upload/sites/ba-tyan-to-hananikki/versions/5bf483bd872363b5/files/a68873f4653f5a2a2fb64892014caa362696e336787434d6092d8af7cd94982e [stream]
[debug] [2026-03-11T00:23:49.137Z] >>> [apiv2][query] POST https://upload-firebasehosting.googleapis.com/upload/sites/ba-tyan-to-hananikki/versions/5bf483bd872363b5/files/d235643df67d5a01bcb6a6690b67e3bdf1f2574f25c96b0cdbac414597666f73 [none]
[debug] [2026-03-11T00:23:49.137Z] >>> [apiv2][body] POST https://upload-firebasehosting.googleapis.com/upload/sites/ba-tyan-to-hananikki/versions/5bf483bd872363b5/files/d235643df67d5a01bcb6a6690b67e3bdf1f2574f25c96b0cdbac414597666f73 [stream]
[debug] [2026-03-11T00:23:49.137Z] >>> [apiv2][query] POST https://upload-firebasehosting.googleapis.com/upload/sites/ba-tyan-to-hananikki/versions/5bf483bd872363b5/files/8076c576cc4f6cfec79799850a5452315f6c694c9275155e5b4c9575922f4625 [none]
[debug] [2026-03-11T00:23:49.137Z] >>> [apiv2][body] POST https://upload-firebasehosting.googleapis.com/upload/sites/ba-tyan-to-hananikki/versions/5bf483bd872363b5/files/8076c576cc4f6cfec79799850a5452315f6c694c9275155e5b4c9575922f4625 [stream]
[debug] [2026-03-11T00:23:49.138Z] >>> [apiv2][query] POST https://upload-firebasehosting.googleapis.com/upload/sites/ba-tyan-to-hananikki/versions/5bf483bd872363b5/files/70b4e0b72bc04f14e36ff3e3ce5db46846d61a55a4091a3d1ae4d5dfc71c1251 [none]
[debug] [2026-03-11T00:23:49.138Z] >>> [apiv2][body] POST https://upload-firebasehosting.googleapis.com/upload/sites/ba-tyan-to-hananikki/versions/5bf483bd872363b5/files/70b4e0b72bc04f14e36ff3e3ce5db46846d61a55a4091a3d1ae4d5dfc71c1251 [stream]
[debug] [2026-03-11T00:23:49.139Z] >>> [apiv2][query] POST https://upload-firebasehosting.googleapis.com/upload/sites/ba-tyan-to-hananikki/versions/5bf483bd872363b5/files/8e141d90f910eaa4668ebdeb39c6ab5ca2a883a9665b6da633c7653268d821ae [none]
[debug] [2026-03-11T00:23:49.139Z] >>> [apiv2][body] POST https://upload-firebasehosting.googleapis.com/upload/sites/ba-tyan-to-hananikki/versions/5bf483bd872363b5/files/8e141d90f910eaa4668ebdeb39c6ab5ca2a883a9665b6da633c7653268d821ae [stream]
[debug] [2026-03-11T00:23:49.140Z] >>> [apiv2][query] POST https://upload-firebasehosting.googleapis.com/upload/sites/ba-tyan-to-hananikki/versions/5bf483bd872363b5/files/f18d8ff112e8f36f469d5a6f5fe5f28294690437e72078c87ef71627f751b90a [none]
[debug] [2026-03-11T00:23:49.140Z] >>> [apiv2][body] POST https://upload-firebasehosting.googleapis.com/upload/sites/ba-tyan-to-hananikki/versions/5bf483bd872363b5/files/f18d8ff112e8f36f469d5a6f5fe5f28294690437e72078c87ef71627f751b90a [stream]
[debug] [2026-03-11T00:23:49.140Z] >>> [apiv2][query] POST https://upload-firebasehosting.googleapis.com/upload/sites/ba-tyan-to-hananikki/versions/5bf483bd872363b5/files/3ec1f4c496d02a4bd060bb4f705fb378aa69696c3d0a7e07844c8e49cc01ae78 [none]
[debug] [2026-03-11T00:23:49.140Z] >>> [apiv2][body] POST https://upload-firebasehosting.googleapis.com/upload/sites/ba-tyan-to-hananikki/versions/5bf483bd872363b5/files/3ec1f4c496d02a4bd060bb4f705fb378aa69696c3d0a7e07844c8e49cc01ae78 [stream]
[debug] [2026-03-11T00:23:49.141Z] >>> [apiv2][query] POST https://upload-firebasehosting.googleapis.com/upload/sites/ba-tyan-to-hananikki/versions/5bf483bd872363b5/files/389f74b472e8c5470f39ab277aadba6276745005312d7084d8b43c114cd8f4d3 [none]
[debug] [2026-03-11T00:23:49.141Z] >>> [apiv2][body] POST https://upload-firebasehosting.googleapis.com/upload/sites/ba-tyan-to-hananikki/versions/5bf483bd872363b5/files/389f74b472e8c5470f39ab277aadba6276745005312d7084d8b43c114cd8f4d3 [stream]
[debug] [2026-03-11T00:23:49.142Z] >>> [apiv2][query] POST https://upload-firebasehosting.googleapis.com/upload/sites/ba-tyan-to-hananikki/versions/5bf483bd872363b5/files/c4ab3126a0df66f23658e38d29b363b03ff6b60e3434869fc927a7e89e4ab10a [none]
[debug] [2026-03-11T00:23:49.142Z] >>> [apiv2][body] POST https://upload-firebasehosting.googleapis.com/upload/sites/ba-tyan-to-hananikki/versions/5bf483bd872363b5/files/c4ab3126a0df66f23658e38d29b363b03ff6b60e3434869fc927a7e89e4ab10a [stream]
[debug] [2026-03-11T00:23:49.142Z] >>> [apiv2][query] POST https://upload-firebasehosting.googleapis.com/upload/sites/ba-tyan-to-hananikki/versions/5bf483bd872363b5/files/1d938246f2f6096380952def7440ef65751d57e6f00a0a4b74383b2530e5fa10 [none]
[debug] [2026-03-11T00:23:49.142Z] >>> [apiv2][body] POST https://upload-firebasehosting.googleapis.com/upload/sites/ba-tyan-to-hananikki/versions/5bf483bd872363b5/files/1d938246f2f6096380952def7440ef65751d57e6f00a0a4b74383b2530e5fa10 [stream]
[debug] [2026-03-11T00:23:49.143Z] >>> [apiv2][query] POST https://upload-firebasehosting.googleapis.com/upload/sites/ba-tyan-to-hananikki/versions/5bf483bd872363b5/files/1416a862f09770b307028af1cf57a03dafaa6d27261d9bc78a45bcadc8f6cb23 [none]
[debug] [2026-03-11T00:23:49.143Z] >>> [apiv2][body] POST https://upload-firebasehosting.googleapis.com/upload/sites/ba-tyan-to-hananikki/versions/5bf483bd872363b5/files/1416a862f09770b307028af1cf57a03dafaa6d27261d9bc78a45bcadc8f6cb23 [stream]
[debug] [2026-03-11T00:23:49.143Z] >>> [apiv2][query] POST https://upload-firebasehosting.googleapis.com/upload/sites/ba-tyan-to-hananikki/versions/5bf483bd872363b5/files/499a887d288771b17ee625d241238d6c159934f041739885acd695ebefb16486 [none]
[debug] [2026-03-11T00:23:49.143Z] >>> [apiv2][body] POST https://upload-firebasehosting.googleapis.com/upload/sites/ba-tyan-to-hananikki/versions/5bf483bd872363b5/files/499a887d288771b17ee625d241238d6c159934f041739885acd695ebefb16486 [stream]
[debug] [2026-03-11T00:23:49.144Z] >>> [apiv2][query] POST https://upload-firebasehosting.googleapis.com/upload/sites/ba-tyan-to-hananikki/versions/5bf483bd872363b5/files/54f3c7b44eb1dcff72825dc8c6b3d9b236d7f34333dd84a96cb4e024ee2c8a73 [none]
[debug] [2026-03-11T00:23:49.144Z] >>> [apiv2][body] POST https://upload-firebasehosting.googleapis.com/upload/sites/ba-tyan-to-hananikki/versions/5bf483bd872363b5/files/54f3c7b44eb1dcff72825dc8c6b3d9b236d7f34333dd84a96cb4e024ee2c8a73 [stream]
[debug] [2026-03-11T00:23:49.144Z] >>> [apiv2][query] POST https://upload-firebasehosting.googleapis.com/upload/sites/ba-tyan-to-hananikki/versions/5bf483bd872363b5/files/e5dcc7c51c35b7bc4bd204af3c02ef59cbb42d6fb272dd6989e84fc1ebbc980d [none]
[debug] [2026-03-11T00:23:49.144Z] >>> [apiv2][body] POST https://upload-firebasehosting.googleapis.com/upload/sites/ba-tyan-to-hananikki/versions/5bf483bd872363b5/files/e5dcc7c51c35b7bc4bd204af3c02ef59cbb42d6fb272dd6989e84fc1ebbc980d [stream]
[debug] [2026-03-11T00:23:49.145Z] >>> [apiv2][query] POST https://upload-firebasehosting.googleapis.com/upload/sites/ba-tyan-to-hananikki/versions/5bf483bd872363b5/files/9973f49d3f88c3617654bb81d1df9e10dc0b6c7a99f7ffee440d13da17f06b56 [none]
[debug] [2026-03-11T00:23:49.145Z] >>> [apiv2][body] POST https://upload-firebasehosting.googleapis.com/upload/sites/ba-tyan-to-hananikki/versions/5bf483bd872363b5/files/9973f49d3f88c3617654bb81d1df9e10dc0b6c7a99f7ffee440d13da17f06b56 [stream]
[debug] [2026-03-11T00:23:49.146Z] >>> [apiv2][query] POST https://upload-firebasehosting.googleapis.com/upload/sites/ba-tyan-to-hananikki/versions/5bf483bd872363b5/files/519776df47647854a532d6deba3bda1d691ab79f6c6afd0a73b790cce3880eb9 [none]
[debug] [2026-03-11T00:23:49.146Z] >>> [apiv2][body] POST https://upload-firebasehosting.googleapis.com/upload/sites/ba-tyan-to-hananikki/versions/5bf483bd872363b5/files/519776df47647854a532d6deba3bda1d691ab79f6c6afd0a73b790cce3880eb9 [stream]
[debug] [2026-03-11T00:23:49.147Z] >>> [apiv2][query] POST https://upload-firebasehosting.googleapis.com/upload/sites/ba-tyan-to-hananikki/versions/5bf483bd872363b5/files/0a4a80546940dc9ca1dee7c58f2c0f6ef9be75d3991c90ef9805b91e8f78172c [none]
[debug] [2026-03-11T00:23:49.147Z] >>> [apiv2][body] POST https://upload-firebasehosting.googleapis.com/upload/sites/ba-tyan-to-hananikki/versions/5bf483bd872363b5/files/0a4a80546940dc9ca1dee7c58f2c0f6ef9be75d3991c90ef9805b91e8f78172c [stream]
[debug] [2026-03-11T00:23:49.147Z] [hosting][populate queue][FINAL] {"max":935,"min":935,"avg":935,"active":0,"complete":1,"success":1,"errored":0,"retried":0,"total":1,"elapsed":959}
[debug] [2026-03-11T00:23:49.147Z] [hosting] uploads queued: 32
[debug] [2026-03-11T00:23:50.226Z] <<< [apiv2][status] POST https://upload-firebasehosting.googleapis.com/upload/sites/ba-tyan-to-hananikki/versions/5bf483bd872363b5/files/0a4a80546940dc9ca1dee7c58f2c0f6ef9be75d3991c90ef9805b91e8f78172c 200
[debug] [2026-03-11T00:23:50.227Z] <<< [apiv2][body] POST https://upload-firebasehosting.googleapis.com/upload/sites/ba-tyan-to-hananikki/versions/5bf483bd872363b5/files/0a4a80546940dc9ca1dee7c58f2c0f6ef9be75d3991c90ef9805b91e8f78172c [stream]
[debug] [2026-03-11T00:23:50.309Z] <<< [apiv2][status] POST https://upload-firebasehosting.googleapis.com/upload/sites/ba-tyan-to-hananikki/versions/5bf483bd872363b5/files/04a83a75f462413dce409e57985dbbf892f9795d0d73d5b5d811816b2f1b327a 200
[debug] [2026-03-11T00:23:50.309Z] <<< [apiv2][body] POST https://upload-firebasehosting.googleapis.com/upload/sites/ba-tyan-to-hananikki/versions/5bf483bd872363b5/files/04a83a75f462413dce409e57985dbbf892f9795d0d73d5b5d811816b2f1b327a [stream]
[debug] [2026-03-11T00:23:50.313Z] <<< [apiv2][status] POST https://upload-firebasehosting.googleapis.com/upload/sites/ba-tyan-to-hananikki/versions/5bf483bd872363b5/files/1d938246f2f6096380952def7440ef65751d57e6f00a0a4b74383b2530e5fa10 200
[debug] [2026-03-11T00:23:50.313Z] <<< [apiv2][body] POST https://upload-firebasehosting.googleapis.com/upload/sites/ba-tyan-to-hananikki/versions/5bf483bd872363b5/files/1d938246f2f6096380952def7440ef65751d57e6f00a0a4b74383b2530e5fa10 [stream]
[debug] [2026-03-11T00:23:50.329Z] <<< [apiv2][status] POST https://upload-firebasehosting.googleapis.com/upload/sites/ba-tyan-to-hananikki/versions/5bf483bd872363b5/files/441fc094abc79d3088eb176aaa4aee7b05394928fcf74f1c56beeae2f9cb07a1 200
[debug] [2026-03-11T00:23:50.329Z] <<< [apiv2][body] POST https://upload-firebasehosting.googleapis.com/upload/sites/ba-tyan-to-hananikki/versions/5bf483bd872363b5/files/441fc094abc79d3088eb176aaa4aee7b05394928fcf74f1c56beeae2f9cb07a1 [stream]
[debug] [2026-03-11T00:23:50.330Z] <<< [apiv2][status] POST https://upload-firebasehosting.googleapis.com/upload/sites/ba-tyan-to-hananikki/versions/5bf483bd872363b5/files/2c65a9ef825b0c73b357021fc8697a5a19a5e1c0c91a8491e002d7f9040bb2d7 200
[debug] [2026-03-11T00:23:50.330Z] <<< [apiv2][body] POST https://upload-firebasehosting.googleapis.com/upload/sites/ba-tyan-to-hananikki/versions/5bf483bd872363b5/files/2c65a9ef825b0c73b357021fc8697a5a19a5e1c0c91a8491e002d7f9040bb2d7 [stream]
[debug] [2026-03-11T00:23:50.338Z] <<< [apiv2][status] POST https://upload-firebasehosting.googleapis.com/upload/sites/ba-tyan-to-hananikki/versions/5bf483bd872363b5/files/70b4e0b72bc04f14e36ff3e3ce5db46846d61a55a4091a3d1ae4d5dfc71c1251 200
[debug] [2026-03-11T00:23:50.338Z] <<< [apiv2][body] POST https://upload-firebasehosting.googleapis.com/upload/sites/ba-tyan-to-hananikki/versions/5bf483bd872363b5/files/70b4e0b72bc04f14e36ff3e3ce5db46846d61a55a4091a3d1ae4d5dfc71c1251 [stream]
[debug] [2026-03-11T00:23:50.354Z] <<< [apiv2][status] POST https://upload-firebasehosting.googleapis.com/upload/sites/ba-tyan-to-hananikki/versions/5bf483bd872363b5/files/021231bd76ccc8a0189a43d97a45a579d9457c117b69bf48cd9228ac5d8af234 200
[debug] [2026-03-11T00:23:50.354Z] <<< [apiv2][body] POST https://upload-firebasehosting.googleapis.com/upload/sites/ba-tyan-to-hananikki/versions/5bf483bd872363b5/files/021231bd76ccc8a0189a43d97a45a579d9457c117b69bf48cd9228ac5d8af234 [stream]
[debug] [2026-03-11T00:23:50.361Z] <<< [apiv2][status] POST https://upload-firebasehosting.googleapis.com/upload/sites/ba-tyan-to-hananikki/versions/5bf483bd872363b5/files/22b7b55278d39a1cd550b617934b4145b1d787c122cd1fb04db2c01410da153d 200
[debug] [2026-03-11T00:23:50.361Z] <<< [apiv2][body] POST https://upload-firebasehosting.googleapis.com/upload/sites/ba-tyan-to-hananikki/versions/5bf483bd872363b5/files/22b7b55278d39a1cd550b617934b4145b1d787c122cd1fb04db2c01410da153d [stream]
[debug] [2026-03-11T00:23:50.374Z] <<< [apiv2][status] POST https://upload-firebasehosting.googleapis.com/upload/sites/ba-tyan-to-hananikki/versions/5bf483bd872363b5/files/e5dcc7c51c35b7bc4bd204af3c02ef59cbb42d6fb272dd6989e84fc1ebbc980d 200
[debug] [2026-03-11T00:23:50.374Z] <<< [apiv2][body] POST https://upload-firebasehosting.googleapis.com/upload/sites/ba-tyan-to-hananikki/versions/5bf483bd872363b5/files/e5dcc7c51c35b7bc4bd204af3c02ef59cbb42d6fb272dd6989e84fc1ebbc980d [stream]
[debug] [2026-03-11T00:23:50.380Z] <<< [apiv2][status] POST https://upload-firebasehosting.googleapis.com/upload/sites/ba-tyan-to-hananikki/versions/5bf483bd872363b5/files/72eef7d627504978a185cb02f7ce4c3433891bc9c5b909e620d46b99e6503027 200
[debug] [2026-03-11T00:23:50.380Z] <<< [apiv2][body] POST https://upload-firebasehosting.googleapis.com/upload/sites/ba-tyan-to-hananikki/versions/5bf483bd872363b5/files/72eef7d627504978a185cb02f7ce4c3433891bc9c5b909e620d46b99e6503027 [stream]
[debug] [2026-03-11T00:23:50.386Z] <<< [apiv2][status] POST https://upload-firebasehosting.googleapis.com/upload/sites/ba-tyan-to-hananikki/versions/5bf483bd872363b5/files/4420a487089969c0d0c4d2756d9e6892ad7f15a7e43ce4ab62a9741fa73dd171 200
[debug] [2026-03-11T00:23:50.386Z] <<< [apiv2][body] POST https://upload-firebasehosting.googleapis.com/upload/sites/ba-tyan-to-hananikki/versions/5bf483bd872363b5/files/4420a487089969c0d0c4d2756d9e6892ad7f15a7e43ce4ab62a9741fa73dd171 [stream]
[debug] [2026-03-11T00:23:50.432Z] <<< [apiv2][status] POST https://upload-firebasehosting.googleapis.com/upload/sites/ba-tyan-to-hananikki/versions/5bf483bd872363b5/files/43ea080b2ed9195101f359a91e367f11d92a3584c3d54c95953d3671b33d9650 200
[debug] [2026-03-11T00:23:50.432Z] <<< [apiv2][body] POST https://upload-firebasehosting.googleapis.com/upload/sites/ba-tyan-to-hananikki/versions/5bf483bd872363b5/files/43ea080b2ed9195101f359a91e367f11d92a3584c3d54c95953d3671b33d9650 [stream]
[debug] [2026-03-11T00:23:50.439Z] <<< [apiv2][status] POST https://upload-firebasehosting.googleapis.com/upload/sites/ba-tyan-to-hananikki/versions/5bf483bd872363b5/files/9973f49d3f88c3617654bb81d1df9e10dc0b6c7a99f7ffee440d13da17f06b56 200
[debug] [2026-03-11T00:23:50.439Z] <<< [apiv2][body] POST https://upload-firebasehosting.googleapis.com/upload/sites/ba-tyan-to-hananikki/versions/5bf483bd872363b5/files/9973f49d3f88c3617654bb81d1df9e10dc0b6c7a99f7ffee440d13da17f06b56 [stream]
[debug] [2026-03-11T00:23:50.439Z] <<< [apiv2][status] POST https://upload-firebasehosting.googleapis.com/upload/sites/ba-tyan-to-hananikki/versions/5bf483bd872363b5/files/f18d8ff112e8f36f469d5a6f5fe5f28294690437e72078c87ef71627f751b90a 200
[debug] [2026-03-11T00:23:50.439Z] <<< [apiv2][body] POST https://upload-firebasehosting.googleapis.com/upload/sites/ba-tyan-to-hananikki/versions/5bf483bd872363b5/files/f18d8ff112e8f36f469d5a6f5fe5f28294690437e72078c87ef71627f751b90a [stream]
[debug] [2026-03-11T00:23:50.440Z] <<< [apiv2][status] POST https://upload-firebasehosting.googleapis.com/upload/sites/ba-tyan-to-hananikki/versions/5bf483bd872363b5/files/519776df47647854a532d6deba3bda1d691ab79f6c6afd0a73b790cce3880eb9 200
[debug] [2026-03-11T00:23:50.440Z] <<< [apiv2][body] POST https://upload-firebasehosting.googleapis.com/upload/sites/ba-tyan-to-hananikki/versions/5bf483bd872363b5/files/519776df47647854a532d6deba3bda1d691ab79f6c6afd0a73b790cce3880eb9 [stream]
[debug] [2026-03-11T00:23:50.452Z] <<< [apiv2][status] POST https://upload-firebasehosting.googleapis.com/upload/sites/ba-tyan-to-hananikki/versions/5bf483bd872363b5/files/3ec1f4c496d02a4bd060bb4f705fb378aa69696c3d0a7e07844c8e49cc01ae78 200
[debug] [2026-03-11T00:23:50.452Z] <<< [apiv2][body] POST https://upload-firebasehosting.googleapis.com/upload/sites/ba-tyan-to-hananikki/versions/5bf483bd872363b5/files/3ec1f4c496d02a4bd060bb4f705fb378aa69696c3d0a7e07844c8e49cc01ae78 [stream]
[debug] [2026-03-11T00:23:50.474Z] <<< [apiv2][status] POST https://upload-firebasehosting.googleapis.com/upload/sites/ba-tyan-to-hananikki/versions/5bf483bd872363b5/files/8949dbf57807515e84641c20250cc741b4bb4e647c40ff3193bbf7e488d42a18 200
[debug] [2026-03-11T00:23:50.474Z] <<< [apiv2][body] POST https://upload-firebasehosting.googleapis.com/upload/sites/ba-tyan-to-hananikki/versions/5bf483bd872363b5/files/8949dbf57807515e84641c20250cc741b4bb4e647c40ff3193bbf7e488d42a18 [stream]
[debug] [2026-03-11T00:23:50.503Z] <<< [apiv2][status] POST https://upload-firebasehosting.googleapis.com/upload/sites/ba-tyan-to-hananikki/versions/5bf483bd872363b5/files/c4ab3126a0df66f23658e38d29b363b03ff6b60e3434869fc927a7e89e4ab10a 200
[debug] [2026-03-11T00:23:50.503Z] <<< [apiv2][body] POST https://upload-firebasehosting.googleapis.com/upload/sites/ba-tyan-to-hananikki/versions/5bf483bd872363b5/files/c4ab3126a0df66f23658e38d29b363b03ff6b60e3434869fc927a7e89e4ab10a [stream]
[debug] [2026-03-11T00:23:50.504Z] <<< [apiv2][status] POST https://upload-firebasehosting.googleapis.com/upload/sites/ba-tyan-to-hananikki/versions/5bf483bd872363b5/files/bdbe216592f19da10ae792625a69cc3416fab9a7eb2cd5aeb061a1bc012c9ec9 200
[debug] [2026-03-11T00:23:50.504Z] <<< [apiv2][body] POST https://upload-firebasehosting.googleapis.com/upload/sites/ba-tyan-to-hananikki/versions/5bf483bd872363b5/files/bdbe216592f19da10ae792625a69cc3416fab9a7eb2cd5aeb061a1bc012c9ec9 [stream]
[debug] [2026-03-11T00:23:50.511Z] <<< [apiv2][status] POST https://upload-firebasehosting.googleapis.com/upload/sites/ba-tyan-to-hananikki/versions/5bf483bd872363b5/files/2510d3b7075f71cf43190467a09b0b46c0914d7aceef8a252f1780320d6888a6 200
[debug] [2026-03-11T00:23:50.511Z] <<< [apiv2][body] POST https://upload-firebasehosting.googleapis.com/upload/sites/ba-tyan-to-hananikki/versions/5bf483bd872363b5/files/2510d3b7075f71cf43190467a09b0b46c0914d7aceef8a252f1780320d6888a6 [stream]
[debug] [2026-03-11T00:23:50.516Z] <<< [apiv2][status] POST https://upload-firebasehosting.googleapis.com/upload/sites/ba-tyan-to-hananikki/versions/5bf483bd872363b5/files/78261e0a87114faf1423c0ccbccf29b7c017853e0aedd1e26ad503f754cd1095 200
[debug] [2026-03-11T00:23:50.516Z] <<< [apiv2][body] POST https://upload-firebasehosting.googleapis.com/upload/sites/ba-tyan-to-hananikki/versions/5bf483bd872363b5/files/78261e0a87114faf1423c0ccbccf29b7c017853e0aedd1e26ad503f754cd1095 [stream]
[debug] [2026-03-11T00:23:50.531Z] <<< [apiv2][status] POST https://upload-firebasehosting.googleapis.com/upload/sites/ba-tyan-to-hananikki/versions/5bf483bd872363b5/files/d235643df67d5a01bcb6a6690b67e3bdf1f2574f25c96b0cdbac414597666f73 200
[debug] [2026-03-11T00:23:50.531Z] <<< [apiv2][body] POST https://upload-firebasehosting.googleapis.com/upload/sites/ba-tyan-to-hananikki/versions/5bf483bd872363b5/files/d235643df67d5a01bcb6a6690b67e3bdf1f2574f25c96b0cdbac414597666f73 [stream]
[debug] [2026-03-11T00:23:50.548Z] <<< [apiv2][status] POST https://upload-firebasehosting.googleapis.com/upload/sites/ba-tyan-to-hananikki/versions/5bf483bd872363b5/files/a68873f4653f5a2a2fb64892014caa362696e336787434d6092d8af7cd94982e 200
[debug] [2026-03-11T00:23:50.549Z] <<< [apiv2][body] POST https://upload-firebasehosting.googleapis.com/upload/sites/ba-tyan-to-hananikki/versions/5bf483bd872363b5/files/a68873f4653f5a2a2fb64892014caa362696e336787434d6092d8af7cd94982e [stream]
[debug] [2026-03-11T00:23:50.554Z] <<< [apiv2][status] POST https://upload-firebasehosting.googleapis.com/upload/sites/ba-tyan-to-hananikki/versions/5bf483bd872363b5/files/54f3c7b44eb1dcff72825dc8c6b3d9b236d7f34333dd84a96cb4e024ee2c8a73 200
[debug] [2026-03-11T00:23:50.554Z] <<< [apiv2][body] POST https://upload-firebasehosting.googleapis.com/upload/sites/ba-tyan-to-hananikki/versions/5bf483bd872363b5/files/54f3c7b44eb1dcff72825dc8c6b3d9b236d7f34333dd84a96cb4e024ee2c8a73 [stream]
[debug] [2026-03-11T00:23:50.632Z] <<< [apiv2][status] POST https://upload-firebasehosting.googleapis.com/upload/sites/ba-tyan-to-hananikki/versions/5bf483bd872363b5/files/1416a862f09770b307028af1cf57a03dafaa6d27261d9bc78a45bcadc8f6cb23 200
[debug] [2026-03-11T00:23:50.632Z] <<< [apiv2][body] POST https://upload-firebasehosting.googleapis.com/upload/sites/ba-tyan-to-hananikki/versions/5bf483bd872363b5/files/1416a862f09770b307028af1cf57a03dafaa6d27261d9bc78a45bcadc8f6cb23 [stream]
[debug] [2026-03-11T00:23:50.642Z] <<< [apiv2][status] POST https://upload-firebasehosting.googleapis.com/upload/sites/ba-tyan-to-hananikki/versions/5bf483bd872363b5/files/8076c576cc4f6cfec79799850a5452315f6c694c9275155e5b4c9575922f4625 200
[debug] [2026-03-11T00:23:50.642Z] <<< [apiv2][body] POST https://upload-firebasehosting.googleapis.com/upload/sites/ba-tyan-to-hananikki/versions/5bf483bd872363b5/files/8076c576cc4f6cfec79799850a5452315f6c694c9275155e5b4c9575922f4625 [stream]
[debug] [2026-03-11T00:23:50.658Z] <<< [apiv2][status] POST https://upload-firebasehosting.googleapis.com/upload/sites/ba-tyan-to-hananikki/versions/5bf483bd872363b5/files/79649687913feb53a9bbb4d992556a6ba8af67aa2575f08cf5972dfa9f497e3e 200
[debug] [2026-03-11T00:23:50.658Z] <<< [apiv2][body] POST https://upload-firebasehosting.googleapis.com/upload/sites/ba-tyan-to-hananikki/versions/5bf483bd872363b5/files/79649687913feb53a9bbb4d992556a6ba8af67aa2575f08cf5972dfa9f497e3e [stream]
[debug] [2026-03-11T00:23:50.684Z] <<< [apiv2][status] POST https://upload-firebasehosting.googleapis.com/upload/sites/ba-tyan-to-hananikki/versions/5bf483bd872363b5/files/9e1bf4453c001c2e5eb9de3d1eb6afda1b4053c9002462db67616aafb6cccc24 200
[debug] [2026-03-11T00:23:50.684Z] <<< [apiv2][body] POST https://upload-firebasehosting.googleapis.com/upload/sites/ba-tyan-to-hananikki/versions/5bf483bd872363b5/files/9e1bf4453c001c2e5eb9de3d1eb6afda1b4053c9002462db67616aafb6cccc24 [stream]
[debug] [2026-03-11T00:23:50.736Z] <<< [apiv2][status] POST https://upload-firebasehosting.googleapis.com/upload/sites/ba-tyan-to-hananikki/versions/5bf483bd872363b5/files/499a887d288771b17ee625d241238d6c159934f041739885acd695ebefb16486 200
[debug] [2026-03-11T00:23:50.736Z] <<< [apiv2][body] POST https://upload-firebasehosting.googleapis.com/upload/sites/ba-tyan-to-hananikki/versions/5bf483bd872363b5/files/499a887d288771b17ee625d241238d6c159934f041739885acd695ebefb16486 [stream]
[debug] [2026-03-11T00:23:50.759Z] <<< [apiv2][status] POST https://upload-firebasehosting.googleapis.com/upload/sites/ba-tyan-to-hananikki/versions/5bf483bd872363b5/files/8e141d90f910eaa4668ebdeb39c6ab5ca2a883a9665b6da633c7653268d821ae 200
[debug] [2026-03-11T00:23:50.759Z] <<< [apiv2][body] POST https://upload-firebasehosting.googleapis.com/upload/sites/ba-tyan-to-hananikki/versions/5bf483bd872363b5/files/8e141d90f910eaa4668ebdeb39c6ab5ca2a883a9665b6da633c7653268d821ae [stream]
[debug] [2026-03-11T00:23:50.800Z] <<< [apiv2][status] POST https://upload-firebasehosting.googleapis.com/upload/sites/ba-tyan-to-hananikki/versions/5bf483bd872363b5/files/c68cabc2559982523711cf9ff34ca3039d9843c17e246b6fb499a0a3c0801c04 200
[debug] [2026-03-11T00:23:50.800Z] <<< [apiv2][body] POST https://upload-firebasehosting.googleapis.com/upload/sites/ba-tyan-to-hananikki/versions/5bf483bd872363b5/files/c68cabc2559982523711cf9ff34ca3039d9843c17e246b6fb499a0a3c0801c04 [stream]
[debug] [2026-03-11T00:23:50.907Z] <<< [apiv2][status] POST https://upload-firebasehosting.googleapis.com/upload/sites/ba-tyan-to-hananikki/versions/5bf483bd872363b5/files/389f74b472e8c5470f39ab277aadba6276745005312d7084d8b43c114cd8f4d3 200
[debug] [2026-03-11T00:23:50.907Z] <<< [apiv2][body] POST https://upload-firebasehosting.googleapis.com/upload/sites/ba-tyan-to-hananikki/versions/5bf483bd872363b5/files/389f74b472e8c5470f39ab277aadba6276745005312d7084d8b43c114cd8f4d3 [stream]
[debug] [2026-03-11T00:23:50.907Z] [hosting][upload queue][FINAL] {"max":1786,"min":1105,"avg":1375.8749999999998,"active":0,"complete":32,"success":32,"errored":0,"retried":0,"total":32,"elapsed":1790}
[info] +  hosting[ba-tyan-to-hananikki]: file upload complete 
[debug] [2026-03-11T00:23:50.908Z] [hosting] deploy completed after 2788ms
[debug] [2026-03-11T00:23:50.908Z] [
  {
    "config": {
      "public": "public",
      "ignore": [
        "firebase.json",
        "**/.*",
        "**/node_modules/**"
      ],
      "site": "ba-tyan-to-hananikki"
    },
    "version": "projects/245592923418/sites/ba-tyan-to-hananikki/versions/5bf483bd872363b5"
  }
]
[info] i  hosting[ba-tyan-to-hananikki]: finalizing version... 
[debug] [2026-03-11T00:23:50.910Z] Checked if tokens are valid: true, expires at: 1773192225114
[debug] [2026-03-11T00:23:50.910Z] Checked if tokens are valid: true, expires at: 1773192225114
[debug] [2026-03-11T00:23:50.910Z] >>> [apiv2][query] PATCH https://firebasehosting.googleapis.com/v1beta1/projects/-/sites/ba-tyan-to-hananikki/versions/5bf483bd872363b5 updateMask=status%2Cconfig
[debug] [2026-03-11T00:23:50.910Z] >>> [apiv2][body] PATCH https://firebasehosting.googleapis.com/v1beta1/projects/-/sites/ba-tyan-to-hananikki/versions/5bf483bd872363b5 {"status":"FINALIZED","config":{}}
[debug] [2026-03-11T00:23:51.482Z] <<< [apiv2][status] PATCH https://firebasehosting.googleapis.com/v1beta1/projects/-/sites/ba-tyan-to-hananikki/versions/5bf483bd872363b5 200
[debug] [2026-03-11T00:23:51.482Z] <<< [apiv2][body] PATCH https://firebasehosting.googleapis.com/v1beta1/projects/-/sites/ba-tyan-to-hananikki/versions/5bf483bd872363b5 {"name":"projects/245592923418/sites/ba-tyan-to-hananikki/versions/5bf483bd872363b5","status":"FINALIZED","config":{},"labels":{"deployment-tool":"cli-firebase"},"createTime":"2026-03-11T00:23:46.125415Z","createUser":{"email":"syana0430@gmail.com"},"finalizeTime":"2026-03-11T00:23:50.097494Z","finalizeUser":{"email":"syana0430@gmail.com"}}
[debug] [2026-03-11T00:23:51.482Z] [hosting] finalized version for ba-tyan-to-hananikki:[object Object]
[info] +  hosting[ba-tyan-to-hananikki]: version finalized 
[info] i  hosting[ba-tyan-to-hananikki]: releasing new version... 
[debug] [2026-03-11T00:23:51.483Z] Checked if tokens are valid: true, expires at: 1773192225114
[debug] [2026-03-11T00:23:51.483Z] Checked if tokens are valid: true, expires at: 1773192225114
[debug] [2026-03-11T00:23:51.483Z] >>> [apiv2][query] POST https://firebasehosting.googleapis.com/v1beta1/projects/-/sites/ba-tyan-to-hananikki/channels/live/releases versionName=projects%2F245592923418%2Fsites%2Fba-tyan-to-hananikki%2Fversions%2F5bf483bd872363b5
[debug] [2026-03-11T00:23:51.483Z] >>> [apiv2][body] POST https://firebasehosting.googleapis.com/v1beta1/projects/-/sites/ba-tyan-to-hananikki/channels/live/releases {}
[debug] [2026-03-11T00:23:52.182Z] <<< [apiv2][status] POST https://firebasehosting.googleapis.com/v1beta1/projects/-/sites/ba-tyan-to-hananikki/channels/live/releases 200
[debug] [2026-03-11T00:23:52.182Z] <<< [apiv2][body] POST https://firebasehosting.googleapis.com/v1beta1/projects/-/sites/ba-tyan-to-hananikki/channels/live/releases {"name":"projects/245592923418/sites/ba-tyan-to-hananikki/channels/live/releases/1773188630128000","version":{"name":"projects/245592923418/sites/ba-tyan-to-hananikki/versions/5bf483bd872363b5","status":"FINALIZED","config":{},"labels":{"deployment-tool":"cli-firebase"},"createTime":"2026-03-11T00:23:46.125415Z","createUser":{"email":"syana0430@gmail.com","imageUrl":"https://lh3.googleusercontent.com/a/ACg8ocIcABO4u68x5Nt_JYcFjahIVN7nWAHzQZXDVbqM__f-lx--fg=mo"},"finalizeTime":"2026-03-11T00:23:50.097494Z","finalizeUser":{"email":"syana0430@gmail.com","imageUrl":"https://lh3.googleusercontent.com/a/ACg8ocIcABO4u68x5Nt_JYcFjahIVN7nWAHzQZXDVbqM__f-lx--fg=mo"}},"type":"DEPLOY","releaseTime":"2026-03-11T00:23:50.128Z","releaseUser":{"email":"syana0430@gmail.com","imageUrl":"https://lh3.googleusercontent.com/a/ACg8ocIcABO4u68x5Nt_JYcFjahIVN7nWAHzQZXDVbqM__f-lx--fg=mo"}}
[debug] [2026-03-11T00:23:52.182Z] [hosting] release: {"name":"projects/245592923418/sites/ba-tyan-to-hananikki/channels/live/releases/1773188630128000","version":{"name":"projects/245592923418/sites/ba-tyan-to-hananikki/versions/5bf483bd872363b5","status":"FINALIZED","config":{},"labels":{"deployment-tool":"cli-firebase"},"createTime":"2026-03-11T00:23:46.125415Z","createUser":{"email":"syana0430@gmail.com","imageUrl":"https://lh3.googleusercontent.com/a/ACg8ocIcABO4u68x5Nt_JYcFjahIVN7nWAHzQZXDVbqM__f-lx--fg=mo"},"finalizeTime":"2026-03-11T00:23:50.097494Z","finalizeUser":{"email":"syana0430@gmail.com","imageUrl":"https://lh3.googleusercontent.com/a/ACg8ocIcABO4u68x5Nt_JYcFjahIVN7nWAHzQZXDVbqM__f-lx--fg=mo"}},"type":"DEPLOY","releaseTime":"2026-03-11T00:23:50.128Z","releaseUser":{"email":"syana0430@gmail.com","imageUrl":"https://lh3.googleusercontent.com/a/ACg8ocIcABO4u68x5Nt_JYcFjahIVN7nWAHzQZXDVbqM__f-lx--fg=mo"}}
[info] +  hosting[ba-tyan-to-hananikki]: release complete 
[info] 
[info] +  Deploy complete! 
[info] 
[info] Project Console: https://console.firebase.google.com/project/ba-tyan-to-hananikki/overview
[info] Hosting URL: https://ba-tyan-to-hananikki.web.app
[debug] [2026-03-11T00:23:57.322Z] Error: Timed out.
    at Timeout._onTimeout (C:\Users\skoi4\AppData\Roaming\npm\node_modules\firebase-tools\lib\utils.js:308:49)
    at listOnTimeout (node:internal/timers:605:17)
    at process.processTimers (node:internal/timers:541:7)
[error] 
[error] Error: An unexpected error has occurred.
